
> campusconnectco.in@0.1.0 build
> next build

▲ Next.js 16.1.1 (Turbopack)
- Environments: .env

⚠ The "middleware" file convention is deprecated. Please use "proxy" instead. Learn more: https://nextjs.org/docs/messages/middleware-to-proxy
  Creating an optimized production build ...
✓ Compiled successfully in 14.5s
  Running TypeScript ...
  Collecting page data using 11 workers ...
  Generating static pages using 11 workers (0/21) ...
  Generating static pages using 11 workers (5/21) 
  Generating static pages using 11 workers (10/21) 
  Generating static pages using 11 workers (15/21) 
✓ Generating static pages using 11 workers (21/21) in 1332.8ms
  Finalizing page optimization ...

Route (app)
┌ ○ /
├ ○ /_not-found
├ ƒ /api/applications
├ ƒ /api/auth/register
├ ƒ /api/escrow
├ ƒ /api/gigs
├ ƒ /api/health
├ ƒ /api/transactions
├ ○ /auth/signin
├ ○ /auth/signup
├ ○ /dashboard/client
├ ○ /dashboard/client/post-gig
├ ○ /dashboard/student
├ ƒ /dashboard/student/gigs
├ ○ /dashboard/student/wallet
├ ○ /marketplace
├ ○ /messages
├ ○ /network
├ ○ /payments
└ ○ /profile


ƒ Proxy (Middleware)

○  (Static)   prerendered as static content
ƒ  (Dynamic)  server-rendered on demand

